MPLINK 5.08, LINKER
Linker Map File - Created Fri Mar 02 17:14:59 2018

                                 Section Info
                  Section       Type    Address   Location Size(Bytes)
                ---------  ---------  ---------  ---------  ---------
                   .org_0       code   0x000000    program   0x00015e
                   .cinit    romdata   0x0000af    program   0x000004
.config_2007_BUILD/DEFAULT/DEBUG/LCD_TUTE.O       code   0x002007    program   0x000002



                              Program Memory Usage 
                               Start         End      
                           ---------   ---------      
                            0x000000    0x0000b0      
                            0x002007    0x002007      
            178 out of 2182 program addresses used, program memory utilization is 8%



                              Symbols - Sorted by Name
                     Name    Address   Location    Storage File                     
                ---------  ---------  ---------  --------- ---------                
                   D160us   0x000090    program     static C:\Users\Ghost\Desktop\Project\codes\LCD_tutorial.X\lcd_tute.asm
                    Del01   0x0000a2    program     static C:\Users\Ghost\Desktop\Project\codes\LCD_tutorial.X\lcd_tute.asm
                    Del05   0x0000a0    program     static C:\Users\Ghost\Desktop\Project\codes\LCD_tutorial.X\lcd_tute.asm
                   Del100   0x00009a    program     static C:\Users\Ghost\Desktop\Project\codes\LCD_tutorial.X\lcd_tute.asm
                    Del20   0x00009e    program     static C:\Users\Ghost\Desktop\Project\codes\LCD_tutorial.X\lcd_tute.asm
                   Del200   0x000098    program     static C:\Users\Ghost\Desktop\Project\codes\LCD_tutorial.X\lcd_tute.asm
                   Del255   0x000096    program     static C:\Users\Ghost\Desktop\Project\codes\LCD_tutorial.X\lcd_tute.asm
                    Del50   0x00009c    program     static C:\Users\Ghost\Desktop\Project\codes\LCD_tutorial.X\lcd_tute.asm
                    Del_0   0x0000a8    program     static C:\Users\Ghost\Desktop\Project\codes\LCD_tutorial.X\lcd_tute.asm
               EndMessage   0x00004b    program     static C:\Users\Ghost\Desktop\Project\codes\LCD_tutorial.X\lcd_tute.asm
                HEX_Table   0x000001    program     static C:\Users\Ghost\Desktop\Project\codes\LCD_tutorial.X\lcd_tute.asm
                     Init   0x00002f    program     static C:\Users\Ghost\Desktop\Project\codes\LCD_tutorial.X\lcd_tute.asm
                  LCDInit   0x00004c    program     static C:\Users\Ghost\Desktop\Project\codes\LCD_tutorial.X\lcd_tute.asm
                   LCDIns   0x000067    program     static C:\Users\Ghost\Desktop\Project\codes\LCD_tutorial.X\lcd_tute.asm
                 LCD_Char   0x000078    program     static C:\Users\Ghost\Desktop\Project\codes\LCD_tutorial.X\lcd_tute.asm
                LCD_CharD   0x000077    program     static C:\Users\Ghost\Desktop\Project\codes\LCD_tutorial.X\lcd_tute.asm
                  LCD_Clr   0x000088    program     static C:\Users\Ghost\Desktop\Project\codes\LCD_tutorial.X\lcd_tute.asm
                   LCD_L2   0x000085    program     static C:\Users\Ghost\Desktop\Project\codes\LCD_tutorial.X\lcd_tute.asm
                  Message   0x000039    program     static C:\Users\Ghost\Desktop\Project\codes\LCD_tutorial.X\lcd_tute.asm
                 Message2   0x000043    program     static C:\Users\Ghost\Desktop\Project\codes\LCD_tutorial.X\lcd_tute.asm
              NextMessage   0x000041    program     static C:\Users\Ghost\Desktop\Project\codes\LCD_tutorial.X\lcd_tute.asm
                  Pulse_e   0x00008b    program     static C:\Users\Ghost\Desktop\Project\codes\LCD_tutorial.X\lcd_tute.asm
                     Stop   0x00004b    program     static C:\Users\Ghost\Desktop\Project\codes\LCD_tutorial.X\lcd_tute.asm
                     Text   0x000012    program     static C:\Users\Ghost\Desktop\Project\codes\LCD_tutorial.X\lcd_tute.asm
                    Text2   0x000020    program     static C:\Users\Ghost\Desktop\Project\codes\LCD_tutorial.X\lcd_tute.asm
             _.org_0_0094   0x000094    program     static C:\Users\Ghost\Desktop\Project\codes\LCD_tutorial.X\lcd_tute.asm
             _.org_0_00A9   0x0000a9    program     static C:\Users\Ghost\Desktop\Project\codes\LCD_tutorial.X\lcd_tute.asm
                       d0   0x0000a3    program     static C:\Users\Ghost\Desktop\Project\codes\LCD_tutorial.X\lcd_tute.asm
                       d1   0x0000a4    program     static C:\Users\Ghost\Desktop\Project\codes\LCD_tutorial.X\lcd_tute.asm



                              Symbols - Sorted by Address
                     Name    Address   Location    Storage File                     
                ---------  ---------  ---------  --------- ---------                
                HEX_Table   0x000001    program     static C:\Users\Ghost\Desktop\Project\codes\LCD_tutorial.X\lcd_tute.asm
                     Text   0x000012    program     static C:\Users\Ghost\Desktop\Project\codes\LCD_tutorial.X\lcd_tute.asm
                    Text2   0x000020    program     static C:\Users\Ghost\Desktop\Project\codes\LCD_tutorial.X\lcd_tute.asm
                     Init   0x00002f    program     static C:\Users\Ghost\Desktop\Project\codes\LCD_tutorial.X\lcd_tute.asm
                  Message   0x000039    program     static C:\Users\Ghost\Desktop\Project\codes\LCD_tutorial.X\lcd_tute.asm
              NextMessage   0x000041    program     static C:\Users\Ghost\Desktop\Project\codes\LCD_tutorial.X\lcd_tute.asm
                 Message2   0x000043    program     static C:\Users\Ghost\Desktop\Project\codes\LCD_tutorial.X\lcd_tute.asm
                     Stop   0x00004b    program     static C:\Users\Ghost\Desktop\Project\codes\LCD_tutorial.X\lcd_tute.asm
               EndMessage   0x00004b    program     static C:\Users\Ghost\Desktop\Project\codes\LCD_tutorial.X\lcd_tute.asm
                  LCDInit   0x00004c    program     static C:\Users\Ghost\Desktop\Project\codes\LCD_tutorial.X\lcd_tute.asm
                   LCDIns   0x000067    program     static C:\Users\Ghost\Desktop\Project\codes\LCD_tutorial.X\lcd_tute.asm
                LCD_CharD   0x000077    program     static C:\Users\Ghost\Desktop\Project\codes\LCD_tutorial.X\lcd_tute.asm
                 LCD_Char   0x000078    program     static C:\Users\Ghost\Desktop\Project\codes\LCD_tutorial.X\lcd_tute.asm
                   LCD_L2   0x000085    program     static C:\Users\Ghost\Desktop\Project\codes\LCD_tutorial.X\lcd_tute.asm
                  LCD_Clr   0x000088    program     static C:\Users\Ghost\Desktop\Project\codes\LCD_tutorial.X\lcd_tute.asm
                  Pulse_e   0x00008b    program     static C:\Users\Ghost\Desktop\Project\codes\LCD_tutorial.X\lcd_tute.asm
                   D160us   0x000090    program     static C:\Users\Ghost\Desktop\Project\codes\LCD_tutorial.X\lcd_tute.asm
             _.org_0_0094   0x000094    program     static C:\Users\Ghost\Desktop\Project\codes\LCD_tutorial.X\lcd_tute.asm
                   Del255   0x000096    program     static C:\Users\Ghost\Desktop\Project\codes\LCD_tutorial.X\lcd_tute.asm
                   Del200   0x000098    program     static C:\Users\Ghost\Desktop\Project\codes\LCD_tutorial.X\lcd_tute.asm
                   Del100   0x00009a    program     static C:\Users\Ghost\Desktop\Project\codes\LCD_tutorial.X\lcd_tute.asm
                    Del50   0x00009c    program     static C:\Users\Ghost\Desktop\Project\codes\LCD_tutorial.X\lcd_tute.asm
                    Del20   0x00009e    program     static C:\Users\Ghost\Desktop\Project\codes\LCD_tutorial.X\lcd_tute.asm
                    Del05   0x0000a0    program     static C:\Users\Ghost\Desktop\Project\codes\LCD_tutorial.X\lcd_tute.asm
                    Del01   0x0000a2    program     static C:\Users\Ghost\Desktop\Project\codes\LCD_tutorial.X\lcd_tute.asm
                       d0   0x0000a3    program     static C:\Users\Ghost\Desktop\Project\codes\LCD_tutorial.X\lcd_tute.asm
                       d1   0x0000a4    program     static C:\Users\Ghost\Desktop\Project\codes\LCD_tutorial.X\lcd_tute.asm
                    Del_0   0x0000a8    program     static C:\Users\Ghost\Desktop\Project\codes\LCD_tutorial.X\lcd_tute.asm
             _.org_0_00A9   0x0000a9    program     static C:\Users\Ghost\Desktop\Project\codes\LCD_tutorial.X\lcd_tute.asm


