MPLINK 5.08, LINKER
Linker Map File - Created Tue Apr 24 14:16:00 2018

                                 Section Info
                  Section       Type    Address   Location Size(Bytes)
                ---------  ---------  ---------  ---------  ---------
                   .org_0       code   0x000000    program   0x00046a
                   .cinit    romdata   0x000235    program   0x000004



                              Program Memory Usage 
                               Start         End      
                           ---------   ---------      
                            0x000000    0x000236      
            567 out of 4230 program addresses used, program memory utilization is 13%



                              Symbols - Sorted by Name
                     Name    Address   Location    Storage File                     
                ---------  ---------  ---------  --------- ---------                
                 Alarm_On   0x0000b4    program     static C:\Users\Ghost\Desktop\Project\codes\Change_Password.X\password_change1.asm
            Attempts_Over   0x00006a    program     static C:\Users\Ghost\Desktop\Project\codes\Change_Password.X\password_change1.asm
  Check_IncorrectAttempts   0x000024    program     static C:\Users\Ghost\Desktop\Project\codes\Change_Password.X\password_change1.asm
        Check_PwordChange   0x00009a    program     static C:\Users\Ghost\Desktop\Project\codes\Change_Password.X\password_change1.asm
             Compare_Code   0x00004e    program     static C:\Users\Ghost\Desktop\Project\codes\Change_Password.X\password_change1.asm
    Compared_CorrectPword   0x000063    program     static C:\Users\Ghost\Desktop\Project\codes\Change_Password.X\password_change1.asm
  Compared_IncorrectPword   0x00005e    program     static C:\Users\Ghost\Desktop\Project\codes\Change_Password.X\password_change1.asm
                    Delay   0x00022d    program     static C:\Users\Ghost\Desktop\Project\codes\Change_Password.X\password_change1.asm
                   Delay2   0x000232    program     static C:\Users\Ghost\Desktop\Project\codes\Change_Password.X\password_change1.asm
                   Delay5   0x000229    program     static C:\Users\Ghost\Desktop\Project\codes\Change_Password.X\password_change1.asm
           DoorAlarm_Init   0x0000a0    program     static C:\Users\Ghost\Desktop\Project\codes\Change_Password.X\password_change1.asm
               Door_Close   0x0000af    program     static C:\Users\Ghost\Desktop\Project\codes\Change_Password.X\password_change1.asm
                Door_Open   0x0000aa    program     static C:\Users\Ghost\Desktop\Project\codes\Change_Password.X\password_change1.asm
           Door_OpenClose   0x000011    program     static C:\Users\Ghost\Desktop\Project\codes\Change_Password.X\password_change1.asm
                Get_Pword   0x000027    program     static C:\Users\Ghost\Desktop\Project\codes\Change_Password.X\password_change1.asm
                Key_Check   0x0001f9    program     static C:\Users\Ghost\Desktop\Project\codes\Change_Password.X\password_change1.asm
                 Key_Init   0x0001f3    program     static C:\Users\Ghost\Desktop\Project\codes\Change_Password.X\password_change1.asm
                LCD_Enter   0x000113    program     static C:\Users\Ghost\Desktop\Project\codes\Change_Password.X\password_change1.asm
                 LCD_Init   0x0000d5    program     static C:\Users\Ghost\Desktop\Project\codes\Change_Password.X\password_change1.asm
                  LCD_Ins   0x0000f5    program     static C:\Users\Ghost\Desktop\Project\codes\Change_Password.X\password_change1.asm
                 LCD_char   0x000101    program     static C:\Users\Ghost\Desktop\Project\codes\Change_Password.X\password_change1.asm
                LCD_clear   0x000118    program     static C:\Users\Ghost\Desktop\Project\codes\Change_Password.X\password_change1.asm
                     Main   0x000001    program     static C:\Users\Ghost\Desktop\Project\codes\Change_Password.X\password_change1.asm
              Menu_Select   0x000005    program     static C:\Users\Ghost\Desktop\Project\codes\Change_Password.X\password_change1.asm
                     Msg0   0x00016c    program     static C:\Users\Ghost\Desktop\Project\codes\Change_Password.X\password_change1.asm
                     Msg1   0x00011f    program     static C:\Users\Ghost\Desktop\Project\codes\Change_Password.X\password_change1.asm
                     Msg2   0x00013c    program     static C:\Users\Ghost\Desktop\Project\codes\Change_Password.X\password_change1.asm
                     Msg3   0x00015d    program     static C:\Users\Ghost\Desktop\Project\codes\Change_Password.X\password_change1.asm
                     Msg4   0x000187    program     static C:\Users\Ghost\Desktop\Project\codes\Change_Password.X\password_change1.asm
                     Msg5   0x0001a4    program     static C:\Users\Ghost\Desktop\Project\codes\Change_Password.X\password_change1.asm
                     Msg6   0x0001bd    program     static C:\Users\Ghost\Desktop\Project\codes\Change_Password.X\password_change1.asm
                     Msg7   0x0001d6    program     static C:\Users\Ghost\Desktop\Project\codes\Change_Password.X\password_change1.asm
           Password_Check   0x000020    program     static C:\Users\Ghost\Desktop\Project\codes\Change_Password.X\password_change1.asm
                  Pulse_e   0x00010e    program     static C:\Users\Ghost\Desktop\Project\codes\Change_Password.X\password_change1.asm
              Pword_Reset   0x00001b    program     static C:\Users\Ghost\Desktop\Project\codes\Change_Password.X\password_change1.asm
              Read_EEPROM   0x0000b6    program     static C:\Users\Ghost\Desktop\Project\codes\Change_Password.X\password_change1.asm
                  Reset_P   0x00006d    program     static C:\Users\Ghost\Desktop\Project\codes\Change_Password.X\password_change1.asm
            Show_UserCode   0x000045    program     static C:\Users\Ghost\Desktop\Project\codes\Change_Password.X\password_change1.asm
              Store_Pword   0x00008c    program     static C:\Users\Ghost\Desktop\Project\codes\Change_Password.X\password_change1.asm
           Store_UserCode   0x00003a    program     static C:\Users\Ghost\Desktop\Project\codes\Change_Password.X\password_change1.asm
   Store_UserCodetoEEPROM   0x00007a    program     static C:\Users\Ghost\Desktop\Project\codes\Change_Password.X\password_change1.asm
             Write_EEPROM   0x0000c1    program     static C:\Users\Ghost\Desktop\Project\codes\Change_Password.X\password_change1.asm
             _.org_0_00D1   0x0000d1    program     static C:\Users\Ghost\Desktop\Project\codes\Change_Password.X\password_change1.asm
                closedoor   0x000015    program     static C:\Users\Ghost\Desktop\Project\codes\Change_Password.X\password_change1.asm
            loopinCompare   0x000050    program     static C:\Users\Ghost\Desktop\Project\codes\Change_Password.X\password_change1.asm
               loopinshow   0x000047    program     static C:\Users\Ghost\Desktop\Project\codes\Change_Password.X\password_change1.asm
              loopinstore   0x00003c    program     static C:\Users\Ghost\Desktop\Project\codes\Change_Password.X\password_change1.asm
                   reset1   0x000072    program     static C:\Users\Ghost\Desktop\Project\codes\Change_Password.X\password_change1.asm



                              Symbols - Sorted by Address
                     Name    Address   Location    Storage File                     
                ---------  ---------  ---------  --------- ---------                
                     Main   0x000001    program     static C:\Users\Ghost\Desktop\Project\codes\Change_Password.X\password_change1.asm
              Menu_Select   0x000005    program     static C:\Users\Ghost\Desktop\Project\codes\Change_Password.X\password_change1.asm
           Door_OpenClose   0x000011    program     static C:\Users\Ghost\Desktop\Project\codes\Change_Password.X\password_change1.asm
                closedoor   0x000015    program     static C:\Users\Ghost\Desktop\Project\codes\Change_Password.X\password_change1.asm
              Pword_Reset   0x00001b    program     static C:\Users\Ghost\Desktop\Project\codes\Change_Password.X\password_change1.asm
           Password_Check   0x000020    program     static C:\Users\Ghost\Desktop\Project\codes\Change_Password.X\password_change1.asm
  Check_IncorrectAttempts   0x000024    program     static C:\Users\Ghost\Desktop\Project\codes\Change_Password.X\password_change1.asm
                Get_Pword   0x000027    program     static C:\Users\Ghost\Desktop\Project\codes\Change_Password.X\password_change1.asm
           Store_UserCode   0x00003a    program     static C:\Users\Ghost\Desktop\Project\codes\Change_Password.X\password_change1.asm
              loopinstore   0x00003c    program     static C:\Users\Ghost\Desktop\Project\codes\Change_Password.X\password_change1.asm
            Show_UserCode   0x000045    program     static C:\Users\Ghost\Desktop\Project\codes\Change_Password.X\password_change1.asm
               loopinshow   0x000047    program     static C:\Users\Ghost\Desktop\Project\codes\Change_Password.X\password_change1.asm
             Compare_Code   0x00004e    program     static C:\Users\Ghost\Desktop\Project\codes\Change_Password.X\password_change1.asm
            loopinCompare   0x000050    program     static C:\Users\Ghost\Desktop\Project\codes\Change_Password.X\password_change1.asm
  Compared_IncorrectPword   0x00005e    program     static C:\Users\Ghost\Desktop\Project\codes\Change_Password.X\password_change1.asm
    Compared_CorrectPword   0x000063    program     static C:\Users\Ghost\Desktop\Project\codes\Change_Password.X\password_change1.asm
            Attempts_Over   0x00006a    program     static C:\Users\Ghost\Desktop\Project\codes\Change_Password.X\password_change1.asm
                  Reset_P   0x00006d    program     static C:\Users\Ghost\Desktop\Project\codes\Change_Password.X\password_change1.asm
                   reset1   0x000072    program     static C:\Users\Ghost\Desktop\Project\codes\Change_Password.X\password_change1.asm
   Store_UserCodetoEEPROM   0x00007a    program     static C:\Users\Ghost\Desktop\Project\codes\Change_Password.X\password_change1.asm
              Store_Pword   0x00008c    program     static C:\Users\Ghost\Desktop\Project\codes\Change_Password.X\password_change1.asm
        Check_PwordChange   0x00009a    program     static C:\Users\Ghost\Desktop\Project\codes\Change_Password.X\password_change1.asm
           DoorAlarm_Init   0x0000a0    program     static C:\Users\Ghost\Desktop\Project\codes\Change_Password.X\password_change1.asm
                Door_Open   0x0000aa    program     static C:\Users\Ghost\Desktop\Project\codes\Change_Password.X\password_change1.asm
               Door_Close   0x0000af    program     static C:\Users\Ghost\Desktop\Project\codes\Change_Password.X\password_change1.asm
                 Alarm_On   0x0000b4    program     static C:\Users\Ghost\Desktop\Project\codes\Change_Password.X\password_change1.asm
              Read_EEPROM   0x0000b6    program     static C:\Users\Ghost\Desktop\Project\codes\Change_Password.X\password_change1.asm
             Write_EEPROM   0x0000c1    program     static C:\Users\Ghost\Desktop\Project\codes\Change_Password.X\password_change1.asm
             _.org_0_00D1   0x0000d1    program     static C:\Users\Ghost\Desktop\Project\codes\Change_Password.X\password_change1.asm
                 LCD_Init   0x0000d5    program     static C:\Users\Ghost\Desktop\Project\codes\Change_Password.X\password_change1.asm
                  LCD_Ins   0x0000f5    program     static C:\Users\Ghost\Desktop\Project\codes\Change_Password.X\password_change1.asm
                 LCD_char   0x000101    program     static C:\Users\Ghost\Desktop\Project\codes\Change_Password.X\password_change1.asm
                  Pulse_e   0x00010e    program     static C:\Users\Ghost\Desktop\Project\codes\Change_Password.X\password_change1.asm
                LCD_Enter   0x000113    program     static C:\Users\Ghost\Desktop\Project\codes\Change_Password.X\password_change1.asm
                LCD_clear   0x000118    program     static C:\Users\Ghost\Desktop\Project\codes\Change_Password.X\password_change1.asm
                     Msg1   0x00011f    program     static C:\Users\Ghost\Desktop\Project\codes\Change_Password.X\password_change1.asm
                     Msg2   0x00013c    program     static C:\Users\Ghost\Desktop\Project\codes\Change_Password.X\password_change1.asm
                     Msg3   0x00015d    program     static C:\Users\Ghost\Desktop\Project\codes\Change_Password.X\password_change1.asm
                     Msg0   0x00016c    program     static C:\Users\Ghost\Desktop\Project\codes\Change_Password.X\password_change1.asm
                     Msg4   0x000187    program     static C:\Users\Ghost\Desktop\Project\codes\Change_Password.X\password_change1.asm
                     Msg5   0x0001a4    program     static C:\Users\Ghost\Desktop\Project\codes\Change_Password.X\password_change1.asm
                     Msg6   0x0001bd    program     static C:\Users\Ghost\Desktop\Project\codes\Change_Password.X\password_change1.asm
                     Msg7   0x0001d6    program     static C:\Users\Ghost\Desktop\Project\codes\Change_Password.X\password_change1.asm
                 Key_Init   0x0001f3    program     static C:\Users\Ghost\Desktop\Project\codes\Change_Password.X\password_change1.asm
                Key_Check   0x0001f9    program     static C:\Users\Ghost\Desktop\Project\codes\Change_Password.X\password_change1.asm
                   Delay5   0x000229    program     static C:\Users\Ghost\Desktop\Project\codes\Change_Password.X\password_change1.asm
                    Delay   0x00022d    program     static C:\Users\Ghost\Desktop\Project\codes\Change_Password.X\password_change1.asm
                   Delay2   0x000232    program     static C:\Users\Ghost\Desktop\Project\codes\Change_Password.X\password_change1.asm


