MPLINK 5.08, LINKER
Linker Map File - Created Tue May 08 22:16:46 2018

                                 Section Info
                  Section       Type    Address   Location Size(Bytes)
                ---------  ---------  ---------  ---------  ---------
                   .org_0       code   0x000000    program   0x000002
                   .cinit    romdata   0x000001    program   0x000004
                   .org_1       code   0x000004    program   0x00053a



                              Program Memory Usage 
                               Start         End      
                           ---------   ---------      
                            0x000000    0x000002      
                            0x000004    0x0002a0      
            672 out of 4230 program addresses used, program memory utilization is 15%



                              Symbols - Sorted by Name
                     Name    Address   Location    Storage File                     
                ---------  ---------  ---------  --------- ---------                
                    About   0x000039    program     static C:\Users\Ghost\Desktop\Project\Final.X\Final.asm
                 Alarm_On   0x0000d7    program     static C:\Users\Ghost\Desktop\Project\Final.X\Final.asm
            Attempts_Over   0x000084    program     static C:\Users\Ghost\Desktop\Project\Final.X\Final.asm
  Check_IncorrectAttempts   0x000047    program     static C:\Users\Ghost\Desktop\Project\Final.X\Final.asm
        Check_PwordChange   0x0000b5    program     static C:\Users\Ghost\Desktop\Project\Final.X\Final.asm
             Compare_Code   0x000068    program     static C:\Users\Ghost\Desktop\Project\Final.X\Final.asm
    Compared_CorrectPword   0x00007d    program     static C:\Users\Ghost\Desktop\Project\Final.X\Final.asm
  Compared_IncorrectPword   0x000078    program     static C:\Users\Ghost\Desktop\Project\Final.X\Final.asm
                    Delay   0x000190    program     static C:\Users\Ghost\Desktop\Project\Final.X\Final.asm
                   Delay2   0x000195    program     static C:\Users\Ghost\Desktop\Project\Final.X\Final.asm
                   Delay5   0x00018c    program     static C:\Users\Ghost\Desktop\Project\Final.X\Final.asm
           DoorAlarm_Init   0x0000bb    program     static C:\Users\Ghost\Desktop\Project\Final.X\Final.asm
               Door_Close   0x0000c9    program     static C:\Users\Ghost\Desktop\Project\Final.X\Final.asm
                Door_Open   0x0000c2    program     static C:\Users\Ghost\Desktop\Project\Final.X\Final.asm
           Door_OpenClose   0x000029    program     static C:\Users\Ghost\Desktop\Project\Final.X\Final.asm
                Get_Pword   0x00004a    program     static C:\Users\Ghost\Desktop\Project\Final.X\Final.asm
                      ISR   0x00001a    program     static C:\Users\Ghost\Desktop\Project\Final.X\Final.asm
                     ISR1   0x000020    program     static C:\Users\Ghost\Desktop\Project\Final.X\Final.asm
                 ISR_Time   0x00001d    program     static C:\Users\Ghost\Desktop\Project\Final.X\Final.asm
                 ISRsleep   0x000022    program     static C:\Users\Ghost\Desktop\Project\Final.X\Final.asm
                Key_Check   0x00015c    program     static C:\Users\Ghost\Desktop\Project\Final.X\Final.asm
                 Key_Init   0x000150    program     static C:\Users\Ghost\Desktop\Project\Final.X\Final.asm
                LCD_Enter   0x000144    program     static C:\Users\Ghost\Desktop\Project\Final.X\Final.asm
                 LCD_Init   0x000105    program     static C:\Users\Ghost\Desktop\Project\Final.X\Final.asm
                  LCD_Ins   0x000126    program     static C:\Users\Ghost\Desktop\Project\Final.X\Final.asm
                 LCD_char   0x000132    program     static C:\Users\Ghost\Desktop\Project\Final.X\Final.asm
                LCD_clear   0x000149    program     static C:\Users\Ghost\Desktop\Project\Final.X\Final.asm
                     Main   0x000005    program     static C:\Users\Ghost\Desktop\Project\Final.X\Final.asm
              Menu_Select   0x00000a    program     static C:\Users\Ghost\Desktop\Project\Final.X\Final.asm
                     Msg0   0x000198    program     static C:\Users\Ghost\Desktop\Project\Final.X\Final.asm
                     Msg1   0x0001b3    program     static C:\Users\Ghost\Desktop\Project\Final.X\Final.asm
                     Msg2   0x0001d0    program     static C:\Users\Ghost\Desktop\Project\Final.X\Final.asm
                     Msg3   0x0001f1    program     static C:\Users\Ghost\Desktop\Project\Final.X\Final.asm
                     Msg4   0x000200    program     static C:\Users\Ghost\Desktop\Project\Final.X\Final.asm
                     Msg5   0x00021d    program     static C:\Users\Ghost\Desktop\Project\Final.X\Final.asm
                     Msg6   0x000236    program     static C:\Users\Ghost\Desktop\Project\Final.X\Final.asm
                     Msg7   0x00024f    program     static C:\Users\Ghost\Desktop\Project\Final.X\Final.asm
                     Msg8   0x00026c    program     static C:\Users\Ghost\Desktop\Project\Final.X\Final.asm
           Password_Check   0x000042    program     static C:\Users\Ghost\Desktop\Project\Final.X\Final.asm
                  Pulse_e   0x00013f    program     static C:\Users\Ghost\Desktop\Project\Final.X\Final.asm
              Pword_Reset   0x000034    program     static C:\Users\Ghost\Desktop\Project\Final.X\Final.asm
              Read_EEPROM   0x0000e4    program     static C:\Users\Ghost\Desktop\Project\Final.X\Final.asm
                  Reset_P   0x000087    program     static C:\Users\Ghost\Desktop\Project\Final.X\Final.asm
              Store_Pword   0x0000a7    program     static C:\Users\Ghost\Desktop\Project\Final.X\Final.asm
           Store_UserCode   0x00005d    program     static C:\Users\Ghost\Desktop\Project\Final.X\Final.asm
   Store_UserCodetoEEPROM   0x000095    program     static C:\Users\Ghost\Desktop\Project\Final.X\Final.asm
                Tmr1_Init   0x0000d9    program     static C:\Users\Ghost\Desktop\Project\Final.X\Final.asm
                  Tmr1_On   0x0000e0    program     static C:\Users\Ghost\Desktop\Project\Final.X\Final.asm
             Write_EEPROM   0x0000ef    program     static C:\Users\Ghost\Desktop\Project\Final.X\Final.asm
             _.org_1_0101   0x000101    program     static C:\Users\Ghost\Desktop\Project\Final.X\Final.asm
                closedoor   0x00002e    program     static C:\Users\Ghost\Desktop\Project\Final.X\Final.asm
            loopinCompare   0x00006a    program     static C:\Users\Ghost\Desktop\Project\Final.X\Final.asm
              loopinstore   0x00005f    program     static C:\Users\Ghost\Desktop\Project\Final.X\Final.asm
                   reset1   0x00008c    program     static C:\Users\Ghost\Desktop\Project\Final.X\Final.asm



                              Symbols - Sorted by Address
                     Name    Address   Location    Storage File                     
                ---------  ---------  ---------  --------- ---------                
                     Main   0x000005    program     static C:\Users\Ghost\Desktop\Project\Final.X\Final.asm
              Menu_Select   0x00000a    program     static C:\Users\Ghost\Desktop\Project\Final.X\Final.asm
                      ISR   0x00001a    program     static C:\Users\Ghost\Desktop\Project\Final.X\Final.asm
                 ISR_Time   0x00001d    program     static C:\Users\Ghost\Desktop\Project\Final.X\Final.asm
                     ISR1   0x000020    program     static C:\Users\Ghost\Desktop\Project\Final.X\Final.asm
                 ISRsleep   0x000022    program     static C:\Users\Ghost\Desktop\Project\Final.X\Final.asm
           Door_OpenClose   0x000029    program     static C:\Users\Ghost\Desktop\Project\Final.X\Final.asm
                closedoor   0x00002e    program     static C:\Users\Ghost\Desktop\Project\Final.X\Final.asm
              Pword_Reset   0x000034    program     static C:\Users\Ghost\Desktop\Project\Final.X\Final.asm
                    About   0x000039    program     static C:\Users\Ghost\Desktop\Project\Final.X\Final.asm
           Password_Check   0x000042    program     static C:\Users\Ghost\Desktop\Project\Final.X\Final.asm
  Check_IncorrectAttempts   0x000047    program     static C:\Users\Ghost\Desktop\Project\Final.X\Final.asm
                Get_Pword   0x00004a    program     static C:\Users\Ghost\Desktop\Project\Final.X\Final.asm
           Store_UserCode   0x00005d    program     static C:\Users\Ghost\Desktop\Project\Final.X\Final.asm
              loopinstore   0x00005f    program     static C:\Users\Ghost\Desktop\Project\Final.X\Final.asm
             Compare_Code   0x000068    program     static C:\Users\Ghost\Desktop\Project\Final.X\Final.asm
            loopinCompare   0x00006a    program     static C:\Users\Ghost\Desktop\Project\Final.X\Final.asm
  Compared_IncorrectPword   0x000078    program     static C:\Users\Ghost\Desktop\Project\Final.X\Final.asm
    Compared_CorrectPword   0x00007d    program     static C:\Users\Ghost\Desktop\Project\Final.X\Final.asm
            Attempts_Over   0x000084    program     static C:\Users\Ghost\Desktop\Project\Final.X\Final.asm
                  Reset_P   0x000087    program     static C:\Users\Ghost\Desktop\Project\Final.X\Final.asm
                   reset1   0x00008c    program     static C:\Users\Ghost\Desktop\Project\Final.X\Final.asm
   Store_UserCodetoEEPROM   0x000095    program     static C:\Users\Ghost\Desktop\Project\Final.X\Final.asm
              Store_Pword   0x0000a7    program     static C:\Users\Ghost\Desktop\Project\Final.X\Final.asm
        Check_PwordChange   0x0000b5    program     static C:\Users\Ghost\Desktop\Project\Final.X\Final.asm
           DoorAlarm_Init   0x0000bb    program     static C:\Users\Ghost\Desktop\Project\Final.X\Final.asm
                Door_Open   0x0000c2    program     static C:\Users\Ghost\Desktop\Project\Final.X\Final.asm
               Door_Close   0x0000c9    program     static C:\Users\Ghost\Desktop\Project\Final.X\Final.asm
                 Alarm_On   0x0000d7    program     static C:\Users\Ghost\Desktop\Project\Final.X\Final.asm
                Tmr1_Init   0x0000d9    program     static C:\Users\Ghost\Desktop\Project\Final.X\Final.asm
                  Tmr1_On   0x0000e0    program     static C:\Users\Ghost\Desktop\Project\Final.X\Final.asm
              Read_EEPROM   0x0000e4    program     static C:\Users\Ghost\Desktop\Project\Final.X\Final.asm
             Write_EEPROM   0x0000ef    program     static C:\Users\Ghost\Desktop\Project\Final.X\Final.asm
             _.org_1_0101   0x000101    program     static C:\Users\Ghost\Desktop\Project\Final.X\Final.asm
                 LCD_Init   0x000105    program     static C:\Users\Ghost\Desktop\Project\Final.X\Final.asm
                  LCD_Ins   0x000126    program     static C:\Users\Ghost\Desktop\Project\Final.X\Final.asm
                 LCD_char   0x000132    program     static C:\Users\Ghost\Desktop\Project\Final.X\Final.asm
                  Pulse_e   0x00013f    program     static C:\Users\Ghost\Desktop\Project\Final.X\Final.asm
                LCD_Enter   0x000144    program     static C:\Users\Ghost\Desktop\Project\Final.X\Final.asm
                LCD_clear   0x000149    program     static C:\Users\Ghost\Desktop\Project\Final.X\Final.asm
                 Key_Init   0x000150    program     static C:\Users\Ghost\Desktop\Project\Final.X\Final.asm
                Key_Check   0x00015c    program     static C:\Users\Ghost\Desktop\Project\Final.X\Final.asm
                   Delay5   0x00018c    program     static C:\Users\Ghost\Desktop\Project\Final.X\Final.asm
                    Delay   0x000190    program     static C:\Users\Ghost\Desktop\Project\Final.X\Final.asm
                   Delay2   0x000195    program     static C:\Users\Ghost\Desktop\Project\Final.X\Final.asm
                     Msg0   0x000198    program     static C:\Users\Ghost\Desktop\Project\Final.X\Final.asm
                     Msg1   0x0001b3    program     static C:\Users\Ghost\Desktop\Project\Final.X\Final.asm
                     Msg2   0x0001d0    program     static C:\Users\Ghost\Desktop\Project\Final.X\Final.asm
                     Msg3   0x0001f1    program     static C:\Users\Ghost\Desktop\Project\Final.X\Final.asm
                     Msg4   0x000200    program     static C:\Users\Ghost\Desktop\Project\Final.X\Final.asm
                     Msg5   0x00021d    program     static C:\Users\Ghost\Desktop\Project\Final.X\Final.asm
                     Msg6   0x000236    program     static C:\Users\Ghost\Desktop\Project\Final.X\Final.asm
                     Msg7   0x00024f    program     static C:\Users\Ghost\Desktop\Project\Final.X\Final.asm
                     Msg8   0x00026c    program     static C:\Users\Ghost\Desktop\Project\Final.X\Final.asm


