MPLINK 5.08, LINKER
Linker Map File - Created Sun May 06 11:05:22 2018

                                 Section Info
                  Section       Type    Address   Location Size(Bytes)
                ---------  ---------  ---------  ---------  ---------
                   .org_0       code   0x000000    program   0x000002
                   .cinit    romdata   0x000001    program   0x000004
                   .org_1       code   0x000004    program   0x0004b4



                              Program Memory Usage 
                               Start         End      
                           ---------   ---------      
                            0x000000    0x000002      
                            0x000004    0x00025d      
            605 out of 4230 program addresses used, program memory utilization is 14%



                              Symbols - Sorted by Name
                     Name    Address   Location    Storage File                     
                ---------  ---------  ---------  --------- ---------                
                 Alarm_On   0x0000d3    program     static C:\Users\Ghost\Desktop\Project\codes\interrupt.X\interrupt.asm
            Attempts_Over   0x000080    program     static C:\Users\Ghost\Desktop\Project\codes\interrupt.X\interrupt.asm
  Check_IncorrectAttempts   0x00003a    program     static C:\Users\Ghost\Desktop\Project\codes\interrupt.X\interrupt.asm
        Check_PwordChange   0x0000b1    program     static C:\Users\Ghost\Desktop\Project\codes\interrupt.X\interrupt.asm
             Compare_Code   0x000064    program     static C:\Users\Ghost\Desktop\Project\codes\interrupt.X\interrupt.asm
    Compared_CorrectPword   0x000079    program     static C:\Users\Ghost\Desktop\Project\codes\interrupt.X\interrupt.asm
  Compared_IncorrectPword   0x000074    program     static C:\Users\Ghost\Desktop\Project\codes\interrupt.X\interrupt.asm
                    Delay   0x000256    program     static C:\Users\Ghost\Desktop\Project\codes\interrupt.X\interrupt.asm
                   Delay2   0x00025b    program     static C:\Users\Ghost\Desktop\Project\codes\interrupt.X\interrupt.asm
                   Delay5   0x000252    program     static C:\Users\Ghost\Desktop\Project\codes\interrupt.X\interrupt.asm
           DoorAlarm_Init   0x0000b7    program     static C:\Users\Ghost\Desktop\Project\codes\interrupt.X\interrupt.asm
               Door_Close   0x0000c5    program     static C:\Users\Ghost\Desktop\Project\codes\interrupt.X\interrupt.asm
                Door_Open   0x0000be    program     static C:\Users\Ghost\Desktop\Project\codes\interrupt.X\interrupt.asm
           Door_OpenClose   0x000025    program     static C:\Users\Ghost\Desktop\Project\codes\interrupt.X\interrupt.asm
                Get_Pword   0x00003d    program     static C:\Users\Ghost\Desktop\Project\codes\interrupt.X\interrupt.asm
                      ISR   0x00001d    program     static C:\Users\Ghost\Desktop\Project\codes\interrupt.X\interrupt.asm
                     ISR1   0x000020    program     static C:\Users\Ghost\Desktop\Project\codes\interrupt.X\interrupt.asm
                  ISRtime   0x000022    program     static C:\Users\Ghost\Desktop\Project\codes\interrupt.X\interrupt.asm
                Key_Check   0x000222    program     static C:\Users\Ghost\Desktop\Project\codes\interrupt.X\interrupt.asm
                 Key_Init   0x000216    program     static C:\Users\Ghost\Desktop\Project\codes\interrupt.X\interrupt.asm
                LCD_Enter   0x000136    program     static C:\Users\Ghost\Desktop\Project\codes\interrupt.X\interrupt.asm
                 LCD_Init   0x0000f8    program     static C:\Users\Ghost\Desktop\Project\codes\interrupt.X\interrupt.asm
                  LCD_Ins   0x000118    program     static C:\Users\Ghost\Desktop\Project\codes\interrupt.X\interrupt.asm
                 LCD_char   0x000124    program     static C:\Users\Ghost\Desktop\Project\codes\interrupt.X\interrupt.asm
                LCD_clear   0x00013b    program     static C:\Users\Ghost\Desktop\Project\codes\interrupt.X\interrupt.asm
                     Main   0x000005    program     static C:\Users\Ghost\Desktop\Project\codes\interrupt.X\interrupt.asm
              Menu_Select   0x000011    program     static C:\Users\Ghost\Desktop\Project\codes\interrupt.X\interrupt.asm
                     Msg0   0x00018f    program     static C:\Users\Ghost\Desktop\Project\codes\interrupt.X\interrupt.asm
                     Msg1   0x000142    program     static C:\Users\Ghost\Desktop\Project\codes\interrupt.X\interrupt.asm
                     Msg2   0x00015f    program     static C:\Users\Ghost\Desktop\Project\codes\interrupt.X\interrupt.asm
                     Msg3   0x000180    program     static C:\Users\Ghost\Desktop\Project\codes\interrupt.X\interrupt.asm
                     Msg4   0x0001aa    program     static C:\Users\Ghost\Desktop\Project\codes\interrupt.X\interrupt.asm
                     Msg5   0x0001c7    program     static C:\Users\Ghost\Desktop\Project\codes\interrupt.X\interrupt.asm
                     Msg6   0x0001e0    program     static C:\Users\Ghost\Desktop\Project\codes\interrupt.X\interrupt.asm
                     Msg7   0x0001f9    program     static C:\Users\Ghost\Desktop\Project\codes\interrupt.X\interrupt.asm
           Password_Check   0x000035    program     static C:\Users\Ghost\Desktop\Project\codes\interrupt.X\interrupt.asm
                  Pulse_e   0x000131    program     static C:\Users\Ghost\Desktop\Project\codes\interrupt.X\interrupt.asm
              Pword_Reset   0x000030    program     static C:\Users\Ghost\Desktop\Project\codes\interrupt.X\interrupt.asm
              Read_EEPROM   0x0000d9    program     static C:\Users\Ghost\Desktop\Project\codes\interrupt.X\interrupt.asm
                  Reset_P   0x000083    program     static C:\Users\Ghost\Desktop\Project\codes\interrupt.X\interrupt.asm
            Show_UserCode   0x00005b    program     static C:\Users\Ghost\Desktop\Project\codes\interrupt.X\interrupt.asm
              Store_Pword   0x0000a3    program     static C:\Users\Ghost\Desktop\Project\codes\interrupt.X\interrupt.asm
           Store_UserCode   0x000050    program     static C:\Users\Ghost\Desktop\Project\codes\interrupt.X\interrupt.asm
   Store_UserCodetoEEPROM   0x000091    program     static C:\Users\Ghost\Desktop\Project\codes\interrupt.X\interrupt.asm
                  Tmr1_On   0x0000d5    program     static C:\Users\Ghost\Desktop\Project\codes\interrupt.X\interrupt.asm
             Write_EEPROM   0x0000e4    program     static C:\Users\Ghost\Desktop\Project\codes\interrupt.X\interrupt.asm
             _.org_1_00F4   0x0000f4    program     static C:\Users\Ghost\Desktop\Project\codes\interrupt.X\interrupt.asm
                closedoor   0x00002a    program     static C:\Users\Ghost\Desktop\Project\codes\interrupt.X\interrupt.asm
            loopinCompare   0x000066    program     static C:\Users\Ghost\Desktop\Project\codes\interrupt.X\interrupt.asm
               loopinshow   0x00005d    program     static C:\Users\Ghost\Desktop\Project\codes\interrupt.X\interrupt.asm
              loopinstore   0x000052    program     static C:\Users\Ghost\Desktop\Project\codes\interrupt.X\interrupt.asm
                   reset1   0x000088    program     static C:\Users\Ghost\Desktop\Project\codes\interrupt.X\interrupt.asm



                              Symbols - Sorted by Address
                     Name    Address   Location    Storage File                     
                ---------  ---------  ---------  --------- ---------                
                     Main   0x000005    program     static C:\Users\Ghost\Desktop\Project\codes\interrupt.X\interrupt.asm
              Menu_Select   0x000011    program     static C:\Users\Ghost\Desktop\Project\codes\interrupt.X\interrupt.asm
                      ISR   0x00001d    program     static C:\Users\Ghost\Desktop\Project\codes\interrupt.X\interrupt.asm
                     ISR1   0x000020    program     static C:\Users\Ghost\Desktop\Project\codes\interrupt.X\interrupt.asm
                  ISRtime   0x000022    program     static C:\Users\Ghost\Desktop\Project\codes\interrupt.X\interrupt.asm
           Door_OpenClose   0x000025    program     static C:\Users\Ghost\Desktop\Project\codes\interrupt.X\interrupt.asm
                closedoor   0x00002a    program     static C:\Users\Ghost\Desktop\Project\codes\interrupt.X\interrupt.asm
              Pword_Reset   0x000030    program     static C:\Users\Ghost\Desktop\Project\codes\interrupt.X\interrupt.asm
           Password_Check   0x000035    program     static C:\Users\Ghost\Desktop\Project\codes\interrupt.X\interrupt.asm
  Check_IncorrectAttempts   0x00003a    program     static C:\Users\Ghost\Desktop\Project\codes\interrupt.X\interrupt.asm
                Get_Pword   0x00003d    program     static C:\Users\Ghost\Desktop\Project\codes\interrupt.X\interrupt.asm
           Store_UserCode   0x000050    program     static C:\Users\Ghost\Desktop\Project\codes\interrupt.X\interrupt.asm
              loopinstore   0x000052    program     static C:\Users\Ghost\Desktop\Project\codes\interrupt.X\interrupt.asm
            Show_UserCode   0x00005b    program     static C:\Users\Ghost\Desktop\Project\codes\interrupt.X\interrupt.asm
               loopinshow   0x00005d    program     static C:\Users\Ghost\Desktop\Project\codes\interrupt.X\interrupt.asm
             Compare_Code   0x000064    program     static C:\Users\Ghost\Desktop\Project\codes\interrupt.X\interrupt.asm
            loopinCompare   0x000066    program     static C:\Users\Ghost\Desktop\Project\codes\interrupt.X\interrupt.asm
  Compared_IncorrectPword   0x000074    program     static C:\Users\Ghost\Desktop\Project\codes\interrupt.X\interrupt.asm
    Compared_CorrectPword   0x000079    program     static C:\Users\Ghost\Desktop\Project\codes\interrupt.X\interrupt.asm
            Attempts_Over   0x000080    program     static C:\Users\Ghost\Desktop\Project\codes\interrupt.X\interrupt.asm
                  Reset_P   0x000083    program     static C:\Users\Ghost\Desktop\Project\codes\interrupt.X\interrupt.asm
                   reset1   0x000088    program     static C:\Users\Ghost\Desktop\Project\codes\interrupt.X\interrupt.asm
   Store_UserCodetoEEPROM   0x000091    program     static C:\Users\Ghost\Desktop\Project\codes\interrupt.X\interrupt.asm
              Store_Pword   0x0000a3    program     static C:\Users\Ghost\Desktop\Project\codes\interrupt.X\interrupt.asm
        Check_PwordChange   0x0000b1    program     static C:\Users\Ghost\Desktop\Project\codes\interrupt.X\interrupt.asm
           DoorAlarm_Init   0x0000b7    program     static C:\Users\Ghost\Desktop\Project\codes\interrupt.X\interrupt.asm
                Door_Open   0x0000be    program     static C:\Users\Ghost\Desktop\Project\codes\interrupt.X\interrupt.asm
               Door_Close   0x0000c5    program     static C:\Users\Ghost\Desktop\Project\codes\interrupt.X\interrupt.asm
                 Alarm_On   0x0000d3    program     static C:\Users\Ghost\Desktop\Project\codes\interrupt.X\interrupt.asm
                  Tmr1_On   0x0000d5    program     static C:\Users\Ghost\Desktop\Project\codes\interrupt.X\interrupt.asm
              Read_EEPROM   0x0000d9    program     static C:\Users\Ghost\Desktop\Project\codes\interrupt.X\interrupt.asm
             Write_EEPROM   0x0000e4    program     static C:\Users\Ghost\Desktop\Project\codes\interrupt.X\interrupt.asm
             _.org_1_00F4   0x0000f4    program     static C:\Users\Ghost\Desktop\Project\codes\interrupt.X\interrupt.asm
                 LCD_Init   0x0000f8    program     static C:\Users\Ghost\Desktop\Project\codes\interrupt.X\interrupt.asm
                  LCD_Ins   0x000118    program     static C:\Users\Ghost\Desktop\Project\codes\interrupt.X\interrupt.asm
                 LCD_char   0x000124    program     static C:\Users\Ghost\Desktop\Project\codes\interrupt.X\interrupt.asm
                  Pulse_e   0x000131    program     static C:\Users\Ghost\Desktop\Project\codes\interrupt.X\interrupt.asm
                LCD_Enter   0x000136    program     static C:\Users\Ghost\Desktop\Project\codes\interrupt.X\interrupt.asm
                LCD_clear   0x00013b    program     static C:\Users\Ghost\Desktop\Project\codes\interrupt.X\interrupt.asm
                     Msg1   0x000142    program     static C:\Users\Ghost\Desktop\Project\codes\interrupt.X\interrupt.asm
                     Msg2   0x00015f    program     static C:\Users\Ghost\Desktop\Project\codes\interrupt.X\interrupt.asm
                     Msg3   0x000180    program     static C:\Users\Ghost\Desktop\Project\codes\interrupt.X\interrupt.asm
                     Msg0   0x00018f    program     static C:\Users\Ghost\Desktop\Project\codes\interrupt.X\interrupt.asm
                     Msg4   0x0001aa    program     static C:\Users\Ghost\Desktop\Project\codes\interrupt.X\interrupt.asm
                     Msg5   0x0001c7    program     static C:\Users\Ghost\Desktop\Project\codes\interrupt.X\interrupt.asm
                     Msg6   0x0001e0    program     static C:\Users\Ghost\Desktop\Project\codes\interrupt.X\interrupt.asm
                     Msg7   0x0001f9    program     static C:\Users\Ghost\Desktop\Project\codes\interrupt.X\interrupt.asm
                 Key_Init   0x000216    program     static C:\Users\Ghost\Desktop\Project\codes\interrupt.X\interrupt.asm
                Key_Check   0x000222    program     static C:\Users\Ghost\Desktop\Project\codes\interrupt.X\interrupt.asm
                   Delay5   0x000252    program     static C:\Users\Ghost\Desktop\Project\codes\interrupt.X\interrupt.asm
                    Delay   0x000256    program     static C:\Users\Ghost\Desktop\Project\codes\interrupt.X\interrupt.asm
                   Delay2   0x00025b    program     static C:\Users\Ghost\Desktop\Project\codes\interrupt.X\interrupt.asm


